[    0.000000] Initializing cgroup subsys cpuset
[    0.000000] Initializing cgroup subsys cpu
[    0.000000] Initializing cgroup subsys cpuacct
[    0.000000] Linux version 4.4.0-189-generic (buildd@lgw01-amd64-047) (gcc version 5.4.0 20160609 (Ubuntu 5.4.0-6ubuntu1~16.04.12) ) #219-Ubuntu SMP Tue Aug 11 12:26:50 UTC 2020 (Ubuntu 4.4.0-189.219-generic 4.4.232)
[    0.000000] Command line: BOOT_IMAGE=/boot/vmlinuz-4.4.0-189-generic root=LABEL=cloudimg-rootfs ro console=tty1 console=ttyS0
[    0.000000] KERNEL supported cpus:
[    0.000000]   Intel GenuineIntel
[    0.000000]   AMD AuthenticAMD
[    0.000000]   Centaur CentaurHauls
[    0.000000] x86/fpu: xstate_offset[2]:  576, xstate_sizes[2]:  256
[    0.000000] x86/fpu: Supporting XSAVE feature 0x01: 'x87 floating point registers'
[    0.000000] x86/fpu: Supporting XSAVE feature 0x02: 'SSE registers'
[    0.000000] x86/fpu: Supporting XSAVE feature 0x04: 'AVX registers'
[    0.000000] x86/fpu: Enabled xstate features 0x7, context size is 832 bytes, using 'standard' format.
[    0.000000] e820: BIOS-provided physical RAM map:
[    0.000000] BIOS-e820: [mem 0x0000000000000000-0x000000000009fbff] usable
[    0.000000] BIOS-e820: [mem 0x000000000009fc00-0x000000000009ffff] reserved
[    0.000000] BIOS-e820: [mem 0x00000000000f0000-0x00000000000fffff] reserved
[    0.000000] BIOS-e820: [mem 0x0000000000100000-0x000000003ffeffff] usable
[    0.000000] BIOS-e820: [mem 0x000000003fff0000-0x000000003fffffff] ACPI data
[    0.000000] BIOS-e820: [mem 0x00000000fec00000-0x00000000fec00fff] reserved
[    0.000000] BIOS-e820: [mem 0x00000000fee00000-0x00000000fee00fff] reserved
[    0.000000] BIOS-e820: [mem 0x00000000fffc0000-0x00000000ffffffff] reserved
[    0.000000] NX (Execute Disable) protection: active
[    0.000000] SMBIOS 2.5 present.
[    0.000000] Hypervisor detected: KVM
[    0.000000] e820: last_pfn = 0x3fff0 max_arch_pfn = 0x400000000
[    0.000000] MTRR: Disabled
[    0.000000] x86/PAT: MTRRs disabled, skipping PAT initialization too.
[    0.000000] CPU MTRRs all blank - virtualized system.
[    0.000000] x86/PAT: Configuration [0-7]: WB  WT  UC- UC  WB  WT  UC- UC  
[    0.000000] found SMP MP-table at [mem 0x0009fff0-0x0009ffff] mapped at [ffff88000009fff0]
[    0.000000] Scanning 1 areas for low memory corruption
[    0.000000] RAMDISK: [mem 0x362e2000-0x37168fff]
[    0.000000] ACPI: Early table checksum verification disabled
[    0.000000] ACPI: RSDP 0x00000000000E0000 000024 (v02 VBOX  )
[    0.000000] ACPI: XSDT 0x000000003FFF0030 00003C (v01 VBOX   VBOXXSDT 00000001 ASL  00000061)
[    0.000000] ACPI: FACP 0x000000003FFF00F0 0000F4 (v04 VBOX   VBOXFACP 00000001 ASL  00000061)
[    0.000000] ACPI: DSDT 0x000000003FFF0470 0022EA (v02 VBOX   VBOXBIOS 00000002 INTL 20100528)
[    0.000000] ACPI: FACS 0x000000003FFF0200 000040
[    0.000000] ACPI: FACS 0x000000003FFF0200 000040
[    0.000000] ACPI: APIC 0x000000003FFF0240 00005C (v02 VBOX   VBOXAPIC 00000001 ASL  00000061)
[    0.000000] ACPI: SSDT 0x000000003FFF02A0 0001CC (v01 VBOX   VBOXCPUT 00000002 INTL 20100528)
[    0.000000] No NUMA configuration found
[    0.000000] Faking a node at [mem 0x0000000000000000-0x000000003ffeffff]
[    0.000000] NODE_DATA(0) allocated [mem 0x3ffeb000-0x3ffeffff]
[    0.000000] kvm-clock: Using msrs 4b564d01 and 4b564d00
[    0.000000] kvm-clock: cpu 0, msr 0:3ffe3001, primary cpu clock
[    0.000000] kvm-clock: using sched offset of 4784974669 cycles
[    0.000000] clocksource: kvm-clock: mask: 0xffffffffffffffff max_cycles: 0x1cd42e4dffb, max_idle_ns: 881590591483 ns
[    0.000000] Zone ranges:
[    0.000000]   DMA      [mem 0x0000000000001000-0x0000000000ffffff]
[    0.000000]   DMA32    [mem 0x0000000001000000-0x000000003ffeffff]
[    0.000000]   Normal   empty
[    0.000000]   Device   empty
[    0.000000] Movable zone start for each node
[    0.000000] Early memory node ranges
[    0.000000]   node   0: [mem 0x0000000000001000-0x000000000009efff]
[    0.000000]   node   0: [mem 0x0000000000100000-0x000000003ffeffff]
[    0.000000] Initmem setup node 0 [mem 0x0000000000001000-0x000000003ffeffff]
[    0.000000] ACPI: PM-Timer IO Port: 0x4008
[    0.000000] IOAPIC[0]: apic_id 2, version 32, address 0xfec00000, GSI 0-23
[    0.000000] ACPI: INT_SRC_OVR (bus 0 bus_irq 0 global_irq 2 dfl dfl)
[    0.000000] ACPI: INT_SRC_OVR (bus 0 bus_irq 9 global_irq 9 low level)
[    0.000000] Using ACPI (MADT) for SMP configuration information
[    0.000000] smpboot: Allowing 2 CPUs, 0 hotplug CPUs
[    0.000000] PM: Registered nosave memory: [mem 0x00000000-0x00000fff]
[    0.000000] PM: Registered nosave memory: [mem 0x0009f000-0x0009ffff]
[    0.000000] PM: Registered nosave memory: [mem 0x000a0000-0x000effff]
[    0.000000] PM: Registered nosave memory: [mem 0x000f0000-0x000fffff]
[    0.000000] e820: [mem 0x40000000-0xfebfffff] available for PCI devices
[    0.000000] Booting paravirtualized kernel on KVM
[    0.000000] clocksource: refined-jiffies: mask: 0xffffffff max_cycles: 0xffffffff, max_idle_ns: 7645519600211568 ns
[    0.000000] setup_percpu: NR_CPUS:512 nr_cpumask_bits:512 nr_cpu_ids:2 nr_node_ids:1
[    0.000000] PERCPU: Embedded 33 pages/cpu @ffff88003fc00000 s95512 r8192 d31464 u1048576
[    0.000000] Built 1 zonelists in Node order, mobility grouping on.  Total pages: 257912
[    0.000000] Policy zone: DMA32
[    0.000000] Kernel command line: BOOT_IMAGE=/boot/vmlinuz-4.4.0-189-generic root=LABEL=cloudimg-rootfs ro console=tty1 console=ttyS0
[    0.000000] PID hash table entries: 4096 (order: 3, 32768 bytes)
[    0.000000] Memory: 997668K/1048120K available (8636K kernel code, 1337K rwdata, 4040K rodata, 1492K init, 1296K bss, 50452K reserved, 0K cma-reserved)
[    0.000000] SLUB: HWalign=64, Order=0-3, MinObjects=0, CPUs=2, Nodes=1
[    0.000000] Kernel/User page tables isolation: enabled
[    0.000000] Hierarchical RCU implementation.
[    0.000000] 	Build-time adjustment of leaf fanout to 64.
[    0.000000] 	RCU restricting CPUs from NR_CPUS=512 to nr_cpu_ids=2.
[    0.000000] RCU: Adjusting geometry for rcu_fanout_leaf=64, nr_cpu_ids=2
[    0.000000] NR_IRQS:33024 nr_irqs:440 16
[    0.000000] Console: colour VGA+ 80x25
[    0.000000] console [tty1] enabled
[    0.000000] console [ttyS0] enabled
[    0.000000] tsc: Detected 2807.998 MHz processor
[    0.172250] Calibrating delay loop (skipped) preset value.. 5615.99 BogoMIPS (lpj=11231992)
[    0.175011] pid_max: default: 32768 minimum: 301
[    0.176139] ACPI: Core revision 20150930
[    0.177901] ACPI: 2 ACPI AML tables successfully acquired and loaded
[    0.180080] Security Framework initialized
[    0.181238] Yama: becoming mindful.
[    0.182243] AppArmor: AppArmor initialized
[    0.183300] Dentry cache hash table entries: 131072 (order: 8, 1048576 bytes)
[    0.187217] Inode-cache hash table entries: 65536 (order: 7, 524288 bytes)
[    0.189520] Mount-cache hash table entries: 2048 (order: 2, 16384 bytes)
[    0.191307] Mountpoint-cache hash table entries: 2048 (order: 2, 16384 bytes)
[    0.193115] Initializing cgroup subsys io
[    0.194144] Initializing cgroup subsys memory
[    0.195355] Initializing cgroup subsys devices
[    0.197252] Initializing cgroup subsys freezer
[    0.198641] Initializing cgroup subsys net_cls
[    0.199811] Initializing cgroup subsys perf_event
[    0.200934] Initializing cgroup subsys net_prio
[    0.202117] Initializing cgroup subsys hugetlb
[    0.203195] Initializing cgroup subsys pids
[    0.205274] mce: CPU supports 0 MCE banks
[    0.206412] Last level iTLB entries: 4KB 64, 2MB 8, 4MB 8
[    0.207745] Last level dTLB entries: 4KB 64, 2MB 0, 4MB 0, 1GB 4
[    0.209094] Spectre V1 : Mitigation: usercopy/swapgs barriers and __user pointer sanitization
[    0.211531] Spectre V2 : Mitigation: Full generic retpoline
[    0.213427] Spectre V2 : Spectre v2 / SpectreRSB mitigation: Filling RSB on context switch
[    0.216236] Speculative Store Bypass: Vulnerable
[    0.217732] SRBDS: Unknown: Dependent on hypervisor status
[    0.219241] MDS: Mitigation: Clear CPU buffers
[    0.222992] Freeing SMP alternatives memory: 36K
[    0.229771] ftrace: allocating 32336 entries in 127 pages
[    0.289834] smpboot: APIC(0) Converting physical 0 to logical package 0
[    0.292260] smpboot: Max logical packages: 1
[    0.293937] x2apic enabled
[    0.295219] Switched APIC routing to physical x2apic.
[    0.297390] ..TIMER: vector=0x30 apic1=0 pin1=2 apic2=-1 pin2=-1
[    0.407167] smpboot: CPU0: Intel(R) Core(TM) i7-7700HQ CPU @ 2.80GHz (family: 0x6, model: 0x9e, stepping: 0x9)
[    0.412883] Performance Events: unsupported p6 CPU model 158 no PMU driver, software events only.
[    0.428549] KVM setup paravirtual spinlock
[    0.430732] x86: Booting SMP configuration:
[    0.432206] .... node  #0, CPUs:      #1
[    0.433372] kvm-clock: cpu 1, msr 0:3ffe3041, secondary cpu clock
[    0.435840] mce: CPU supports 0 MCE banks
[    0.438652] x86: Booted up 1 node, 2 CPUs
[    0.440000] smpboot: Total of 2 processors activated (11231.99 BogoMIPS)
[    0.442168] devtmpfs: initialized
[    0.445331] evm: security.selinux
[    0.446468] evm: security.SMACK64
[    0.447420] evm: security.SMACK64EXEC
[    0.448324] evm: security.SMACK64TRANSMUTE
[    0.449387] evm: security.SMACK64MMAP
[    0.450287] evm: security.ima
[    0.451332] evm: security.capability
[    0.452432] clocksource: jiffies: mask: 0xffffffff max_cycles: 0xffffffff, max_idle_ns: 7645041785100000 ns
[    0.455538] futex hash table entries: 512 (order: 3, 32768 bytes)
[    0.457634] pinctrl core: initialized pinctrl subsystem
[    0.459185] RTC time: 18:21:27, date: 09/20/20
[    0.460460] NET: Registered protocol family 16
[    0.471611] cpuidle: using governor ladder
[    0.483693] cpuidle: using governor menu
[    0.485296] PCCT header not found.
[    0.486309] ACPI: bus type PCI registered
[    0.487476] acpiphp: ACPI Hot Plug PCI Controller Driver version: 0.5
[    0.489980] PCI: Using configuration type 1 for base access
[    0.504583] ACPI: Added _OSI(Module Device)
[    0.506818] ACPI: Added _OSI(Processor Device)
[    0.508789] ACPI: Added _OSI(3.0 _SCP Extensions)
[    0.510291] ACPI: Added _OSI(Processor Aggregator Device)
[    0.512654] ACPI: Executed 1 blocks of module-level executable AML code
[    0.517062] ACPI: Interpreter enabled
[    0.518042] ACPI: (supports S0 S5)
[    0.518905] ACPI: Using IOAPIC for interrupt routing
[    0.520434] PCI: Using host bridge windows from ACPI; if necessary, use "pci=nocrs" and report a bug
[    0.526701] ACPI: PCI Root Bridge [PCI0] (domain 0000 [bus 00-ff])
[    0.528781] acpi PNP0A03:00: _OSC: OS supports [ASPM ClockPM Segments MSI]
[    0.530739] acpi PNP0A03:00: _OSC: not requesting OS control; OS requires [ExtendedConfig ASPM ClockPM MSI]
[    0.539373] acpi PNP0A03:00: fail to add MMCONFIG information, can't access extended PCI configuration space under this bridge.
[    0.547076] PCI host bridge to bus 0000:00
[    0.548668] pci_bus 0000:00: root bus resource [io  0x0000-0x0cf7 window]
[    0.552247] pci_bus 0000:00: root bus resource [io  0x0d00-0xffff window]
[    0.554679] pci_bus 0000:00: root bus resource [mem 0x000a0000-0x000bffff window]
[    0.557416] pci_bus 0000:00: root bus resource [mem 0x40000000-0xfdffffff window]
[    0.559713] pci_bus 0000:00: root bus resource [bus 00-ff]
[    0.563921] pci 0000:00:01.1: legacy IDE quirk: reg 0x10: [io  0x01f0-0x01f7]
[    0.565472] pci 0000:00:01.1: legacy IDE quirk: reg 0x14: [io  0x03f6]
[    0.567233] pci 0000:00:01.1: legacy IDE quirk: reg 0x18: [io  0x0170-0x0177]
[    0.578995] pci 0000:00:01.1: legacy IDE quirk: reg 0x1c: [io  0x0376]
[    0.596895] pci 0000:00:07.0: quirk: [io  0x4000-0x403f] claimed by PIIX4 ACPI
[    0.599325] pci 0000:00:07.0: quirk: [io  0x4100-0x410f] claimed by PIIX4 SMB
[    0.611703] ACPI: PCI Interrupt Link [LNKA] (IRQs 5 9 10 *11)
[    0.615122] ACPI: PCI Interrupt Link [LNKB] (IRQs 5 9 *10 11)
[    0.617422] ACPI: PCI Interrupt Link [LNKC] (IRQs 5 *9 10 11)
[    0.619379] ACPI: PCI Interrupt Link [LNKD] (IRQs 5 9 10 *11)
[    0.621312] ACPI: Enabled 2 GPEs in block 00 to 07
[    0.623006] vgaarb: setting as boot device: PCI:0000:00:02.0
[    0.624730] vgaarb: device added: PCI:0000:00:02.0,decodes=io+mem,owns=io+mem,locks=none
[    0.626872] vgaarb: loaded
[    0.627793] vgaarb: bridge control possible 0000:00:02.0
[    0.629377] SCSI subsystem initialized
[    0.630569] ACPI: bus type USB registered
[    0.631607] usbcore: registered new interface driver usbfs
[    0.633011] usbcore: registered new interface driver hub
[    0.634513] usbcore: registered new device driver usb
[    0.635931] PCI: Using ACPI for IRQ routing
[    0.637540] NetLabel: Initializing
[    0.638443] NetLabel:  domain hash size = 128
[    0.639788] NetLabel:  protocols = UNLABELED CIPSOv4
[    0.643424] NetLabel:  unlabeled traffic allowed by default
[    0.646723] amd_nb: Cannot enumerate AMD northbridges
[    0.649433] clocksource: Switched to clocksource kvm-clock
[    0.661477] AppArmor: AppArmor Filesystem Enabled
[    0.663546] pnp: PnP ACPI init
[    0.666207] pnp: PnP ACPI: found 3 devices
[    0.676457] clocksource: acpi_pm: mask: 0xffffff max_cycles: 0xffffff, max_idle_ns: 2085701024 ns
[    0.679692] NET: Registered protocol family 2
[    0.680888] TCP established hash table entries: 8192 (order: 4, 65536 bytes)
[    0.683604] TCP bind hash table entries: 8192 (order: 5, 131072 bytes)
[    0.685053] TCP: Hash tables configured (established 8192 bind 8192)
[    0.686998] UDP hash table entries: 512 (order: 2, 16384 bytes)
[    0.688404] UDP-Lite hash table entries: 512 (order: 2, 16384 bytes)
[    0.690320] NET: Registered protocol family 1
[    0.691373] pci 0000:00:00.0: Limiting direct PCI/PCI transfers
[    0.693368] pci 0000:00:01.0: Activating ISA DMA hang workarounds
[    0.695226] Unpacking initramfs...
[    0.940043] Freeing initrd memory: 14876K
[    0.941462] clocksource: tsc: mask: 0xffffffffffffffff max_cycles: 0x2879c456dd4, max_idle_ns: 440795285767 ns
[    0.944899] platform rtc_cmos: registered platform RTC device (no PNP device found)
[    0.947414] Scanning for low memory corruption every 60 seconds
[    0.949645] audit: initializing netlink subsys (disabled)
[    0.951428] audit: type=2000 audit(1600626093.477:1): initialized
[    0.953484] Initialise system trusted keyring
[    0.954882] HugeTLB registered 2 MB page size, pre-allocated 0 pages
[    0.957684] zbud: loaded
[    0.959003] VFS: Disk quotas dquot_6.6.0
[    0.960120] VFS: Dquot-cache hash table entries: 512 (order 0, 4096 bytes)
[    0.962462] squashfs: version 4.0 (2009/01/31) Phillip Lougher
[    0.964427] fuse init (API version 7.23)
[    0.965787] Key type big_key registered
[    0.966937] Allocating IMA MOK and blacklist keyrings.
[    0.969923] Key type asymmetric registered
[    0.971127] Asymmetric key parser 'x509' registered
[    0.972588] Block layer SCSI generic (bsg) driver version 0.4 loaded (major 249)
[    0.974578] io scheduler noop registered
[    0.975551] io scheduler deadline registered (default)
[    0.976764] io scheduler cfq registered
[    0.978122] pci_hotplug: PCI Hot Plug PCI Core version: 0.5
[    0.979539] pciehp: PCI Express Hot Plug Controller Driver version: 0.4
[    0.981346] ACPI: AC Adapter [AC] (on-line)
[    0.982738] input: Power Button as /devices/LNXSYSTM:00/LNXPWRBN:00/input/input0
[    0.984771] ACPI: Power Button [PWRF]
[    0.985990] input: Sleep Button as /devices/LNXSYSTM:00/LNXSLPBN:00/input/input1
[    0.987974] ACPI: Sleep Button [SLPF]
[    0.990226] ACPI: Battery Slot [BAT0] (battery present)
[    0.991780] GHES: HEST is not enabled!
[    0.992976] Serial: 8250/16550 driver, 32 ports, IRQ sharing enabled
[    1.015812] 00:02: ttyS0 at I/O 0x3f8 (irq = 4, base_baud = 115200) is a 16550A
[    1.019031] Linux agpgart interface v0.103
[    1.022777] loop: module loaded
[    1.024688] scsi host0: ata_piix
[    1.026012] scsi host1: ata_piix
[    1.026925] ata1: PATA max UDMA/33 cmd 0x1f0 ctl 0x3f6 bmdma 0xd000 irq 14
[    1.028855] ata2: PATA max UDMA/33 cmd 0x170 ctl 0x376 bmdma 0xd008 irq 15
[    1.030815] libphy: Fixed MDIO Bus: probed
[    1.032048] tun: Universal TUN/TAP device driver, 1.6
[    1.033273] tun: (C) 1999-2004 Max Krasnyansky <maxk@qualcomm.com>
[    1.034976] PPP generic driver version 2.4.2
[    1.036199] ehci_hcd: USB 2.0 'Enhanced' Host Controller (EHCI) Driver
[    1.037927] ehci-pci: EHCI PCI platform driver
[    1.039029] ehci-platform: EHCI generic platform driver
[    1.040314] ohci_hcd: USB 1.1 'Open' Host Controller (OHCI) Driver
[    1.041976] ohci-pci: OHCI PCI platform driver
[    1.043066] ohci-platform: OHCI generic platform driver
[    1.044532] uhci_hcd: USB Universal Host Controller Interface driver
[    1.046931] i8042: PNP: PS/2 Controller [PNP0303:PS2K,PNP0f03:PS2M] at 0x60,0x64 irq 1,12
[    1.050918] serio: i8042 KBD port at 0x60,0x64 irq 1
[    1.052352] serio: i8042 AUX port at 0x60,0x64 irq 12
[    1.055969] mousedev: PS/2 mouse device common for all mice
[    1.058531] rtc_cmos rtc_cmos: rtc core: registered rtc_cmos as rtc0
[    1.061357] rtc_cmos rtc_cmos: alarms up to one day, 114 bytes nvram
[    1.064314] input: AT Translated Set 2 keyboard as /devices/platform/i8042/serio0/input/input2
[    1.067334] i2c /dev entries driver
[    1.068869] device-mapper: uevent: version 1.0.3
[    1.070772] device-mapper: ioctl: 4.34.0-ioctl (2015-10-28) initialised: dm-devel@redhat.com
[    1.073839] ledtrig-cpu: registered to indicate activity on CPUs
[    1.076534] NET: Registered protocol family 10
[    1.078873] NET: Registered protocol family 17
[    1.080238] Key type dns_resolver registered
[    1.082397] registered taskstats version 1
[    1.083671] Loading compiled-in X.509 certificates
[    1.085796] Loaded X.509 cert 'Build time autogenerated kernel key: 06f0812676e66a24038557b34a5a5205bffb6390'
[    1.088135] zswap: loaded using pool lzo/zbud
[    1.091479] Key type trusted registered
[    1.096093] Key type encrypted registered
[    1.097219] AppArmor: AppArmor sha1 policy hashing enabled
[    1.098608] ima: No TPM chip found, activating TPM-bypass!
[    1.099871] ima: Allocated hash algorithm: sha1
[    1.101476] evm: HMAC attrs: 0x1
[    1.102907]   Magic number: 4:255:393
[    1.103993] rtc_cmos rtc_cmos: setting system clock to 2020-09-20 18:21:27 UTC (1600626087)
[    1.106301] BIOS EDD facility v0.16 2004-Jun-25, 0 devices found
[    1.107720] EDD information not available.
[    1.187218] Freeing unused kernel memory: 1492K
[    1.189039] Write protecting the kernel read-only data: 14336k
[    1.191467] Freeing unused kernel memory: 1592K
[    1.193039] Freeing unused kernel memory: 56K
Loading, please wait...
starting version 229
[    1.209314] random: systemd-udevd: uninitialized urandom read (16 bytes read, 3 bits of entropy available)
[    1.209602] random: udevadm: uninitialized urandom read (16 bytes read, 3 bits of entropy available)
[    1.209619] random: udevadm: uninitialized urandom read (16 bytes read, 3 bits of entropy available)
[    1.217503] random: udevadm: uninitialized urandom read (16 bytes read, 3 bits of entropy available)
[    1.217544] random: udevadm: uninitialized urandom read (16 bytes read, 3 bits of entropy available)
[    1.217784] random: udevadm: uninitialized urandom read (16 bytes read, 3 bits of entropy available)
[    1.217831] random: udevadm: uninitialized urandom read (16 bytes read, 3 bits of entropy available)
[    1.217875] random: udevadm: uninitialized urandom read (16 bytes read, 3 bits of entropy available)
[    1.217916] random: udevadm: uninitialized urandom read (16 bytes read, 3 bits of entropy available)
[    1.217956] random: udevadm: uninitialized urandom read (16 bytes read, 3 bits of entropy available)
[    1.263254] e1000: Intel(R) PRO/1000 Network Driver - version 7.3.21-k8-NAPI
[    1.265575] e1000: Copyright (c) 1999-2006 Intel Corporation.
[    1.269870] Fusion MPT base driver 3.04.20
[    1.271454] Copyright (c) 1999-2008 LSI Corporation
[    1.308996] AVX2 version of gcm_enc/dec engaged.
[    1.310760] AES CTR mode by8 optimization enabled
[    1.316465] Fusion MPT SPI Host driver 3.04.20
[    1.515366] input: ImExPS/2 Generic Explorer Mouse as /devices/platform/i8042/serio1/input/input4
[    1.716052] e1000 0000:00:03.0 eth0: (PCI:33MHz:32-bit) 02:ca:72:46:a7:87
[    1.718275] e1000 0000:00:03.0 eth0: Intel(R) PRO/1000 Network Connection
[    1.721025] mptbase: ioc0: Initiating bringup
[    1.786470] ioc0: LSI53C1030 A0: Capabilities={Initiator}
[    1.948442] scsi host2: ioc0: LSI53C1030 A0, FwRev=00000000h, Ports=1, MaxQ=256, IRQ=20
[    2.062357] scsi 2:0:0:0: Direct-Access     VBOX     HARDDISK         1.0  PQ: 0 ANSI: 5
[    2.066136] scsi target2:0:0: Beginning Domain Validation
[    2.069370] scsi target2:0:0: Domain Validation skipping write tests
[    2.071274] scsi target2:0:0: Ending Domain Validation
[    2.073511] scsi target2:0:0: asynchronous
[    2.075306] scsi 2:0:1:0: Direct-Access     VBOX     HARDDISK         1.0  PQ: 0 ANSI: 5
[    2.077652] scsi target2:0:1: Beginning Domain Validation
[    2.079921] scsi target2:0:1: Domain Validation skipping write tests
[    2.081826] scsi target2:0:1: Ending Domain Validation
[    2.083450] scsi target2:0:1: asynchronous
[    2.110274] sd 2:0:0:0: Attached scsi generic sg0 type 0
[    2.112096] sd 2:0:0:0: [sda] 20971520 512-byte logical blocks: (10.7 GB/10.0 GiB)
[    2.115641] sd 2:0:1:0: Attached scsi generic sg1 type 0
[    2.117036] sd 2:0:1:0: [sdb] 20480 512-byte logical blocks: (10.5 MB/10.0 MiB)
[    2.119109] sd 2:0:1:0: [sdb] Write Protect is off
[    2.120405] sd 2:0:0:0: [sda] Write Protect is off
[    2.121888] sd 2:0:1:0: [sdb] Incomplete mode parameter data
[    2.124086] sd 2:0:1:0: [sdb] Assuming drive cache: write through
[    2.126086] sd 2:0:0:0: [sda] Incomplete mode parameter data
[    2.127463] sd 2:0:0:0: [sda] Assuming drive cache: write through
[    2.132029] sd 2:0:1:0: [sdb] Attached SCSI disk
[    2.133909]  sda: sda1
[    2.135904] sd 2:0:0:0: [sda] Attached SCSI disk
[    2.476579] e1000 0000:00:08.0 eth1: (PCI:33MHz:32-bit) 08:00:27:71:c5:35
[    2.479301] e1000 0000:00:08.0 eth1: Intel(R) PRO/1000 Network Connection
[    2.482696] e1000 0000:00:08.0 enp0s8: renamed from eth1
[    2.494238] e1000 0000:00:03.0 enp0s3: renamed from eth0
Begin: Loading essential drivers ... [    3.802859] md: linear personality registered for level -1
[    3.806952] md: multipath personality registered for level -4
[    3.810770] md: raid0 personality registered for level 0
[    3.815686] md: raid1 personality registered for level 1
[    3.885995] raid6: sse2x1   gen() 10184 MB/s
[    3.953441] raid6: sse2x1   xor()  8277 MB/s
[    4.021594] raid6: sse2x2   gen() 13688 MB/s
[    4.089573] raid6: sse2x2   xor()  9307 MB/s
[    4.157702] raid6: sse2x4   gen() 15579 MB/s
[    4.225612] raid6: sse2x4   xor()  9668 MB/s
[    4.293859] raid6: avx2x1   gen() 19362 MB/s
[    4.361534] raid6: avx2x2   gen() 23899 MB/s
[    4.445447] raid6: avx2x4   gen() 21457 MB/s
[    4.447207] raid6: using algorithm avx2x2 gen() 23899 MB/s
[    4.448932] raid6: using avx2x2 recovery algorithm
[    4.452989] xor: automatically using best checksumming function:
[    4.493494]    avx       : 23515.000 MB/sec
[    4.497655] async_tx: api initialized (async)
[    4.508090] md: raid6 personality registered for level 6
[    4.509696] md: raid5 personality registered for level 5
[    4.511225] md: raid4 personality registered for level 4
[    4.519993] md: raid10 personality registered for level 10
done.
Begin: Running /scripts/init-premount ... done.
Begin: Mounting root file system ... Begin: Running /scripts/local-top ... done.
Begin: Running /scripts/local-premount ... [    4.546325] Btrfs loaded
Scanning for Btrfs filesystems
done.
Warning: fsck not present, so skipping root file system
[    4.579711] EXT4-fs (sda1): mounted filesystem with ordered data mode. Opts: (null)
done.
Begin: Running /scripts/local-bottom ... done.
Begin: Running /scripts/init-bottom ... done.
[    4.681009] systemd[1]: systemd 229 running in system mode. (+PAM +AUDIT +SELINUX +IMA +APPARMOR +SMACK +SYSVINIT +UTMP +LIBCRYPTSETUP +GCRYPT +GNUTLS +ACL +XZ -LZ4 +SECCOMP +BLKID +ELFUTILS +KMOD -IDN)
[    4.686012] systemd[1]: Detected virtualization oracle.
[    4.687535] systemd[1]: Detected architecture x86-64.

Welcome to [1mUbuntu 16.04.7 LTS[0m!

[    4.698968] systemd[1]: Set hostname to <ubuntu>.
[    4.704220] systemd[1]: Initializing machine ID from random generator.
[    4.705875] systemd[1]: Installed transient /etc/machine-id file.
[    4.859004] systemd[1]: Created slice System Slice.
[[0;32m  OK  [0m] Created slice System Slice.
[    4.861343] systemd[1]: Listening on udev Kernel Socket.
[[0;32m  OK  [0m] Listening on udev Kernel Socket.
[    4.864530] systemd[1]: Listening on Syslog Socket.
[[0;32m  OK  [0m] Listening on Syslog Socket.
[    4.943580] systemd[1]: Created slice system-serial\x2dgetty.slice.
[[0;32m  OK  [0m] Created slice system-serial\x2dgetty.slice.
[    4.959650] systemd[1]: Created slice User and Session Slice.
[[0;32m  OK  [0m] Created slice User and Session Slice.
[    5.018172] systemd[1]: Reached target Slices.
[[0;32m  OK  [0m] Reached target Slices.
[    5.028845] systemd[1]: Listening on Journal Socket (/dev/log).
[[0;32m  OK  [0m] Listening on Journal Socket (/dev/log).
[    5.031311] systemd[1]: Listening on LVM2 metadata daemon socket.
[[0;32m  OK  [0m] Listening on LVM2 metadata daemon socket.
[    5.196207] systemd[1]: Listening on Journal Audit Socket.
[[0;32m  OK  [0m] Listening on Journal Audit Socket.
[    5.221744] systemd[1]: Reached target User and Group Name Lookups.
[[0;32m  OK  [0m] Reached target User and Group Name Lookups.
[    5.225517] systemd[1]: Started Forward Password Requests to Wall Directory Watch.
[[0;32m  OK  [0m] Started Forward Password Requests to Wall Directory Watch.
[    5.229106] systemd[1]: Started Trigger resolvconf update for networkd DNS.
[[0;32m  OK  [0m] Started Trigger resolvconf update for networkd DNS.
[    5.812358] systemd[1]: Reached target Encrypted Volumes.
[[0;32m  OK  [0m] Reached target Encrypted Volumes.
[    5.829585] systemd[1]: Reached target Swap.
[[0;32m  OK  [0m] Reached target Swap.
[    5.927480] systemd[1]: Listening on LVM2 poll daemon socket.
[[0;32m  OK  [0m] Listening on LVM2 poll daemon socket.
[    5.932439] systemd[1]: Set up automount Arbitrary Executable File Formats File System Automount Point.
[[0;32m  OK  [0m] Set up automount Arbitrary Executab...ats File System Automount Point.
[    5.937466] systemd[1]: Listening on udev Control Socket.
[[0;32m  OK  [0m] Listening on udev Control Socket.
[    5.940435] systemd[1]: Listening on Device-mapper event daemon FIFOs.
[[0;32m  OK  [0m] Listening on Device-mapper event daemon FIFOs.
[    5.943778] systemd[1]: Listening on Journal Socket.
[[0;32m  OK  [0m] Listening on Journal Socket.
[    5.969956] systemd[1]: Starting Set console keymap...
         Starting Set console keymap...
[    5.974403] systemd[1]: Starting Uncomplicated firewall...
         Starting Uncomplicated firewall...
[    5.979400] systemd[1]: Starting Remount Root and Kernel File Systems...
         Starting Remount Root and Kernel File Systems...
[    5.984956] systemd[1]: Mounting POSIX Message Queue File System...
         Mounting POSIX M[    5.987562] EXT4-fs (sda1): re-mounted. Opts: (null)
essage Queue File System...
[    5.991813] systemd[1]: Starting Load Kernel Modules...
         Starting Load Kernel Modules...
[    5.994903] systemd[1]: Starting Monitoring of LVM2 mirrors, snapshots etc. using dmeventd or progress polling...
         Starting Monitoring of LVM2 mirrors... dmeventd or progress polling...
[    6.001358] systemd[1]: Mounting Huge Pages File System...
         Mounting Huge Pages File System...
[    6.007229] systemd[1]: Starting Nameserver information manager...
         Starting Nameserver information manager...
[    6.016005] Loading iSCSI transport class v2.0-870.
[    6.026073] iscsi: registered transport (tcp)
[    6.033846] systemd[1]: Starting Journal Service...
         Starting Journal Service...
[    6.042456] systemd[1]: Starting Create list of required static device nodes for the current kernel...
         Starting Create list of required st... nodes for the current kernel...
[    6.046598] systemd[1]: Reached target System Time Synchronized.
[[0;32m  OK  [0m] Reached target System Time Synchronized.
[    6.051770] systemd[1]: Listening on /dev/initctl Compatibility Named Pipe.
[[0;32m  OK  [0m] Listening on /dev/initctl Compatibility Named Pipe.
[    6.055558] systemd[1]: Mounting Debug File System...
         Mounting Debug File System...
[    6.067305] systemd[1]: Mounted Debug File System.
[[0;32m  OK  [0m] Mounted Debug File System.
[    6.069906] systemd[1]: Mounted Huge Pages File System.
[[0;32m  OK  [0m] Mounted Huge Pages File System.
[    6.074355] iscsi: registered transport (iser)
[    6.077913] systemd[1]: Mounted POSIX Message Queue File System.
[[0;32m  OK  [0m] Mounted POSIX Message Queue File System.
[    6.081396] systemd[1]: Started Journal Service.
[[0;32m  OK  [0m] Started Journal Service.
[[0;32m  OK  [0m] Started Set console keymap.
[[0;32m  OK  [0m] Started Uncomplicated firewall.
[[0;32m  OK  [0m] Started Remount Root and Kernel File Systems.
[[0;32m  OK  [0m] Started Load Kernel Modules.
[[0;32m  OK  [0m] Started Create list of required sta...ce nodes for the current kernel.
[[0;32m  OK  [0m] Started LVM2 metadata daemon.
         Starting Create Static Device Nodes in /dev...
         Mounting FUSE Control File System...
         Starting Apply Kernel Variables...
         Starting Load/Save Random Seed...
         Starting udev Coldplug all Devices...
         Starting Flush Journal to Persistent Storage...
[[0;32m  OK  [0m] Mounted FUSE Control File System.
[[0;32m  OK  [0m] Started Nameserver information manager.
[[0;32m  OK  [0m] Started Create Static Device Nodes in /dev.
[[0;32m  OK  [0m] Started Apply Kernel Variables.
[[0;32m  OK  [0m] Started Load/Save Random Seed.
         Starting udev Kernel Device Manager...
[[0;32m  OK  [0m] Started Flush Journal to Persistent Storage.
[[0;32m  OK  [0m] Started udev Coldplug all Devices.
[[0;32m  OK  [0m] Started udev Kernel Device Manager.
[[0;32m  OK  [0m] Started Dispatch Password Requests to Console Directory Watch.
[[0;32m  OK  [0m] Started Monitoring of LVM2 mirrors,...ng dmeventd or progress polling.
[[0;32m  OK  [0m] Reached target Local File Systems (Pre).
[[0;32m  OK  [0m] Reached target Local File Systems.
         Starting Create Volatile Files and Directories...
         Starting Tell Plymouth To Write Out Runtime Data...
         Starting LSB: AppArmor initialization...
         Starting Commit a transient machine-id on disk...
         Starting Initial cloud-init job (pre-networking)...
         Starting Set console font and keymap...
[[0;32m  OK  [0m] Started Create Volatile Files and Directories.
         Starting Update UTMP about System Boot/Shutdown...
[[0;32m  OK  [0m] Started Tell Plymouth To Write Out Runtime Data.
[[0;32m  OK  [0m] Started Update UTMP about System Boot/Shutdown.
[[0;32m  OK  [0m] Started Commit a transient machine-id on disk.
[[0;32m  OK  [0m] Found device /dev/ttyS0.
[[0;32m  OK  [0m] Listening on Load/Save RF Kill Switch Status /dev/rfkill Watch.
[[0;32m  OK  [0m] Started LSB: AppArmor initialization.
         Starting Load AppArmor profiles managed internally by snapd...
[[0;32m  OK  [0m] Started Load AppArmor profiles managed internally by snapd.
[    7.418572] cloud-init[504]: Cloud-init v. 20.3-2-g371b392c-0ubuntu1~16.04.1 running 'init-local' at Sun, 20 Sep 2020 18:21:33 +0000. Up 6.96 seconds.
[[0;32m  OK  [0m] Started Initial cloud-init job (pre-networking).
[[0;32m  OK  [0m] Reached target Network (Pre).
         Starting Raise network interfaces...
[[0;32m  OK  [0m] Started Set console font and keymap.
[[0;32m  OK  [0m] Created slice system-getty.slice.
[[0;32m  OK  [0m] Started Raise network interfaces.
[[0;32m  OK  [0m] Reached target Network.
         Starting Initial cloud-init job (metadata service crawler)...
[    8.621106] cloud-init[970]: Cloud-init v. 20.3-2-g371b392c-0ubuntu1~16.04.1 running 'init' at Sun, 20 Sep 2020 18:21:34 +0000. Up 8.08 seconds.
[    8.628794] cloud-init[970]: ci-info: ++++++++++++++++++++++++++++++++++++++Net device info+++++++++++++++++++++++++++++++++++++++
[    8.637057] cloud-init[970]: ci-info: +--------+-------+----------------------------+---------------+--------+-------------------+
[    8.644662] cloud-init[970]: ci-info: | Device |   Up  |          Address           |      Mask     | Scope  |     Hw-Address    |
[    8.653042] cloud-init[970]: ci-info: +--------+-------+----------------------------+---------------+--------+-------------------+
[    8.655322] cloud-init[970]: ci-info: | enp0s3 |  True |         10.0.2.15          | 255.255.255.0 | global | 02:ca:72:46:a7:87 |
[    8.658085] cloud-init[970]: ci-info: | enp0s3 |  True | fe80::ca:72ff:fe46:a787/64 |       .       |  link  | 02:ca:72:46:a7:87 |
[    8.661335] cloud-init[970]: ci-info: | enp0s8 | False |             .              |       .       |   .    | 08:00:27:71:c5:35 |
[    8.664016] [cloud-init[0;32m  OK  [0m[970]: ] ci-info: |   lo   |  True |         127.0.0.1          |   255.0.0.0   |  host  |         .         |Started Initial cloud-init job (metadata service crawler).

[    8.666631] [[0;32m  OK  [0m] Reached target System Initialization.
[[0;32m  OK  [0m] Listening on ACPID Listen Socket.
cloud-init[970]: ci-info: |   lo   |  True |          ::1/128           |       .       |  host  |         .         |
[[0;32m  OK  [0m] Started ACPI Events Check.
[[0;32m  OK  [0m] Reached target Paths.
[    8.671422] cloud-init[970]: ci-info: +--------+-------+----------------------------+---------------+--------+-------------------+
[    8.675009] [cloud-init[0;32m  OK  [0m[970]: ] ci-info: +++++++++++++++++++++++++++Route IPv4 info++++++++++++++++++++++++++++Started Daily apt download activities.

[    8.677851]          Starting Socket activation for snappy daemon.
cloud-init[970]:          Starting LXD - unix socket.
[[0;32m  OK  [0m] Listening on D-Bus System Message Bus Socket.
[[0;32m  OK  [0m] Listening on UUID daemon activation socket.
[[0;32m  OK  [0m] Started Daily apt upgrade and clean activities.
ci-info: +-------+-------------+----------+---------------+-----------+-------+
[    8.684337] [cloud-init[0;32m  OK  [0m[970]: ] ci-info: | Route | Destination | Gateway  |    Genmask    | Interface | Flags |Started Message of the Day.

[    8.686329] [[0;32m  OK  [0m] Started Daily Cleanup of Temporary Directories.
[[0;32m  OK  [0m] Reached target Timers.
cloud-init[970]: ci-info: +-------+-------------+----------+---------------+-----------+-------+
[    8.689959] [[0;32m  OK  [0m] Reached target Cloud-config availability.
[[0;32m  OK  [0m] Reached target Network is Online.
cloud-init[970]: ci-info: |   0   |   0.0.0.0   | 10.0.2.2 |    0.0.0.0    |   enp0s3  |   UG  |
[    8.693476] cloud-init[970]: ci-info: |   1   |   10.0.2.0  | 0.0.0.0  | 255.255.255.0 |   enp0s3  |   U   |
[    8.695294] cloud-init[970]: ci-info: +-------+-------------+----------+---------------+-----------+-------+
[    8.696710] cloud-init[970]: ci-info: +++++++++++++++++++Route IPv6 info+++++++++++++++++++
[    8.698485] cloud-init[970]: ci-info: +-------+-------------+---------+-----------+-------+
[    8.704279] cloud-init[970]: ci-info: | Route | Destination | Gateway | Interface | Flags |
         Starting iSCSI initiator daemon (iscsid)...
[[0;32m  OK  [0m] Listening on Socket activation for snappy daemon.
[[0;32m  OK  [0m] Listening on LXD - unix socket.
[    8.721890] cloud-init[970]: ci-info: +-------+-------------+---------+-----------+-------+
[    8.727021] cloud-init[970]: ci-info: |   0   |  fe80::/64  |    ::   |   enp0s3  |   U   |
[    8.727326] cloud-init[970]: ci-info: |   3   |   ff00::/8  |    ::   |   enp0s3  |   U   |
[[0;32m  OK  [0m] Reached target Sockets.
[[    8.727759] [0;32m  OK  [0mcloud-init] [970]: Reached target Basic System.ci-info: +-------+-------------+---------+-----------+-------+

[    8.744722] cloud-init[970]: Generating public/private rsa key pair.
[    8.745888] cloud-init[970]: Your identification has been saved in /etc/ssh/ssh_host_rsa_key.
[    8.745966] cloud-init[970]: Your public key has been saved in /etc/ssh/ssh_host_rsa_key.pub.
         Starting System Logging Service...
         [    8.746066] cloud-init[970]: The key fingerprint is:
[    8.750878] cloud-init[970]: SHA256:y2RyzDIy94jn+GoOmp8k8cTjN3WjnWZZXDTAoe1+8VY root@ubuntu-xenial
[    8.751537] cloud-init[970]: The key's randomart image is:
[    8.752402] cloud-init[970]: +---[RSA 2048]----+
[    8.753111] cloud-init[970]: |         .ooo    |
Starting Login Service...
[    8.753802] cloud-init[970]: |         o.. .   |
[    8.768872] cloud-init[970]: |        . . .    |
[    8.769101] cloud-init[970]: | .     o o .     |
[[0;32m  OK  [0m] Started Regular background program processing daemon.
[    8.769286] cloud-init[970]: |. + o * S + .   E|
[    8.784620] cloud-init[970]: | = . * # B   o . |
[    8.784831] cloud-init[970]: |. = + + X . . o  |
[    8.785510] cloud-init[970]: | = +.= o   . .   |
[    8.786303] cloud-init[970]: |o.oo+oo          |
[    8.786689] cloud-init[970]: +----[SHA256]-----+
         Starting LXD - container startup/shutdown...
[    8.787074] cloud-init[970]: Generating public/private dsa key pair.
[    8.790828] cloud-init[970]: Your identification has been saved in /etc/ssh/ssh_host_dsa_key.
[[0;32m  OK  [0m] Started D-Bus System Message Bus.
[    8.793149] cloud-init[970]: Your public key has been saved in /etc/ssh/ssh_host_dsa_key.pub.
[    8.795175] cloud-init[970]: The key fingerprint is:
[    8.798186] cloud-init[970]: SHA256:6BkGO07ohfPkQoyvXjqxMza51EK1BBE97aPEUfe+mBo root@ubuntu-xenial
[    8.801558] cloud-init[970]: The key's randomart image is:
[    8.802795] cloud-init[970]: +---[DSA 1024]----+
[    8.803974] cloud-init[970]: | ++ o. .         |
[    8.805287] cloud-init[970]: |  .+ .. .        |
[    8.806373] cloud-init[970]: |  .o=    .       |
[    8.807808] cloud-init[970]: | oo=.= ..        |
[    8.809015] cloud-init[970]: |..B.B = S.       |
[    8.810239] cloud-init[970]: |.=.X + oo .      |
[    8.811536] cloud-init[970]: | oBo+Eoo .       |
[    8.812568] cloud-init[970]: |.X+.  o          |
[    8.813755] cloud-init[970]: |++*  .           |
[    8.814874] cloud-init[970]: +----[SHA256]-----+
[    8.816429] cloud-init[970]: Generating public/private ecdsa key pair.
[    8.824372] cloud-init[970]: Your identification has been saved in /etc/ssh/ssh_host_ecdsa_key.
[    8.826519] cloud-init[970]: Your public key has been saved in /etc/ssh/ssh_host_ecdsa_key.pub.
[    8.828752] cloud-init[970]: The key fingerprint is:
[    8.829898] cloud-init[970]: SHA256:TZUTrfrVEQrNCZS1p8Y0RIy7BTIMEsL8KNxkpAjafLI root@ubuntu-xenial
[    8.831741] cloud-init[970]: The key's randomart image is:
[    8.833145] cloud-init[970]: +---[ECDSA 256]---+
[    8.836429] cloud-init[970]: |. +o o..o .o%B.  |
[    8.837845] cloud-init[970]: |+o.=. .  + *+=o. |
[    8.839268] cloud-init[970]: |+.B +     + +*...|
[    8.840834] cloud-init[970]: | o * .   o .+o+. |
[    8.848577] cloud-init[970]: |  E     S ..o+ ..|
[    8.849991] cloud-init[970]: |          ... . .|
[[0;32m  OK  [0m] Started Deferred execution scheduler.
         Starting Accounts Service...
[[0;32m  OK  [0m] Started FUSE filesystem for LXC.
[    8.863487] cloud-init[970]: |           . .   |
[    8.878564]          cloud-initStarting Virtualbox guest utils...[970]: 
|            .    |
[    8.880326] cloud-init[970]: |                 |
[    8.881374] cloud-init[970]: +----[SHA256]-----+
[    8.888440] [[0;32m  OK  [0m] Started ACPI event daemon.
cloud-init[970]: Generating public/private ed25519 key pair.
[    8.892211]          Starting /etc/rc.local Compatibility...
cloud-init[970]: Your identification has been saved in /etc/ssh/ssh_host_ed25519_key.
[    8.893803]          cloud-initStarting LSB: Record successful boot for GRUB...[970]: 
Your public key has been saved in /etc/ssh/ssh_host_ed25519_key.pub.
[    8.896202]          cloud-initStarting Pollinate to seed the pseudo random number generator...[970]: 
The key fingerprint is:
[    8.898405]          Starting LSB: MD monitoring daemon...
cloud-init[970]: SHA256:XNHMD5CYJTowjPHr9YluKi1YM7n7gwtJynh0AmTd/nM root@ubuntu-xenial
         Starting Snap Daemon...
[[0;32m  OK  [0m] Started System Logging Service.
[[0;32m  OK  [0m] Started iSCSI initiator daemon (iscsid).
[    8.900807] cloud-init[970]: [[0;32m  OK  [0m] Started LXD - container startup/shutdown.
The key's randomart image is:
[    8.919762] [cloud-init[0;32m  OK  [0m[970]: ] +--[ED25519 256]--+Started /etc/rc.local Compatibility.

[    8.920592] cloud-init[970]: | oo++   .++*     |
[    8.930216] cloud-init[970]: |o .o.+ .o...=    |
[    8.932143] cloud-init[970]: |.   o o   .  o   |
[    8.932808] cloud-init[970]: | .   o o .    .  |
[    8.942034] [cloud-init[0;32m  OK  [0m[970]: ] | .o.o o S        |Started Login Service.

[    8.942441] cloud-init[970]: |=o=+ . = E       |
[    8.953190] cloud-init[970]: |=+.*. . =        |
[    8.955549] cloud-init[970]: |.o= o..          |
[    8.959608] cloud-init[[0;32m  OK  [0m] Started Unattended Upgrades Shutdown.
[970]: |  o*o+.          |         Starting Login to default iSCSI targets...

[[0;32m  OK  [0m] Started LSB: Record successful boot for GRUB.
[    8.965826] cloud-init[970]: +----[SHA256]-----+
         Starting Authenticate and Authorize Users to Run Privileged Tasks...
[[0;32m  OK  [0m] Started LSB: MD monitoring daemon.
[[0;32m  OK  [0m] Started Login to default iSCSI targets.
[[0;32m  OK  [0m] Reached target Remote File Systems (Pre).
[[0;32m  OK  [0m] Reached target Remote File Systems.
         Starting Permit User Sessions...
         Starting LSB: automatic crash report generation...
         Starting LSB: Set the CPU Frequency Scaling governor to "ondemand"...
         Starting LSB: daemon to balance interrupts for SMP systems...
[[0;32m  OK  [0m] Started Permit User Sessions.
[[0;32m  OK  [0m] Started Authenticate and Authorize Users to Run Privileged Tasks.
[[0;32m  OK  [0m] Started Accounts Service.
         Starting Terminate Plymouth Boot Screen...
         Starting Hold until boot process finishes up...
[[0;32m  OK  [0m] Started Hold until boot process finishes up.
         Starting Set console scheme...
[[0;32m  OK  [0m] Started Serial Getty on ttyS0.
[[0;32m  OK  [0m] Started Getty on tty1.
[[0;32m  OK  [0m] Reached target Login Prompts.
[[0;32m  OK  [0m] Started Terminate Plymouth Boot Screen.
[[0;32m  OK  [0m] Started Set console scheme.
[[0;32m  OK  [0m] Started LSB: automatic crash report generation.
[[0;32m  OK  [0m] Started Virtualbox guest utils.
[[0;32m  OK  [0m] Started LSB: Set the CPU Frequency Scaling governor to "ondemand".
[[0;32m  OK  [0m] Started LSB: daemon to balance interrupts for SMP systems.
[[0;32m  OK  [0m] Started Snap Daemon.
         Starting Wait until snapd is fully seeded...
[[0;32m  OK  [0m] Started Pollinate to seed the pseudo random number generator.
         Starting OpenBSD Secure Shell server...
[[0;32m  OK  [0m] Started OpenBSD Secure Shell server.
[[0;32m  OK  [0m] Created slice User Slice of vagrant.
         Starting User Manager for UID 1000...
[[0;32m  OK  [0m] Started Session 1 of user vagrant.
[[0;32m  OK  [0m] Started User Manager for UID 1000.
[[0;32m  OK  [0m] Started Wait until snapd is fully seeded.
[[0;32m  OK  [0m] Reached target Multi-User System.
[[0;32m  OK  [0m] Reached target Graphical Interface.
         Starting Update UTMP about System Runlevel Changes...
         Starting Apply the settings specified in cloud-config...
[[0;32m  OK  [0m] Started Update UTMP about System Runlevel Changes.
[   11.961947] cloud-init[1394]: Generating locales (this might take a while)...
[   13.018558] cloud-init[1394]:   en_US.UTF-8... done
[   13.020400] cloud-init[1394]: Generation complete.
         Stopping User Manager for UID 1000...
[[0;32m  OK  [0m] Stopped User Manager for UID 1000.
[[0;32m  OK  [0m] Removed slice User Slice of vagrant.
[[0;32m  OK  [0m] Created slice User Slice of vagrant.
         Starting User Manager for UID 1000...
[[0;32m  OK  [0m] Started Session 2 of user vagrant.
[[0;32m  OK  [0m] Started User Manager for UID 1000.
[   13.439503] cloud-init[1394]: Cloud-init v. 20.3-2-g371b392c-0ubuntu1~16.04.1 running 'modules:config' at Sun, 20 Sep 2020 18:21:38 +0000. Up 11.79 seconds.
[[0;32m  OK  [0m] Started Apply the settings specified in cloud-config.
         Starting Execute cloud user/final scripts...
ci-info: no authorized SSH keys fingerprints found for user ubuntu.
<14>Sep 20 18:21:40 ec2: 
<14>Sep 20 18:21:40 ec2: #############################################################
<14>Sep 20 18:21:40 ec2: -----BEGIN SSH HOST KEY FINGERPRINTS-----
<14>Sep 20 18:21:40 ec2: 1024 SHA256:6BkGO07ohfPkQoyvXjqxMza51EK1BBE97aPEUfe+mBo root@ubuntu-xenial (DSA)
<14>Sep 20 18:21:40 ec2: 256 SHA256:TZUTrfrVEQrNCZS1p8Y0RIy7BTIMEsL8KNxkpAjafLI root@ubuntu-xenial (ECDSA)
<14>Sep 20 18:21:40 ec2: 256 SHA256:XNHMD5CYJTowjPHr9YluKi1YM7n7gwtJynh0AmTd/nM root@ubuntu-xenial (ED25519)
<14>Sep 20 18:21:40 ec2: 2048 SHA256:y2RyzDIy94jn+GoOmp8k8cTjN3WjnWZZXDTAoe1+8VY root@ubuntu-xenial (RSA)
<14>Sep 20 18:21:40 ec2: -----END SSH HOST KEY FINGERPRINTS-----
<14>Sep 20 18:21:40 ec2: #############################################################
-----BEGIN SSH HOST KEY KEYS-----
ecdsa-sha2-nistp256 AAAAE2VjZHNhLXNoYTItbmlzdHAyNTYAAAAIbmlzdHAyNTYAAABBBJQ+1VCK8ajDpjm3p+MSzu74wwCMKjr8sEkv93j1/pDkPKVR8KbpdI4MB/Mx4nbLtoXwXj8A7hBtOJhV5MetkYM= root@ubuntu-xenial
ssh-ed25519 AAAAC3NzaC1lZDI1NTE5AAAAINQLdfSEOvVZb9JArXxVivLB2r6WVNYGDEAd8p89q9QN root@ubuntu-xenial
ssh-rsa AAAAB3NzaC1yc2EAAAADAQABAAABAQDM/bH5PLj4gSwVlYf2Y6gWNpdK6ecNqw53SUxILjK6EO77zlnJCGeGpHcfMxqrzbf91h4eGtNyalDSWbn2KUrh6vMDCSQw7l6RSZgDb1ZMWvTPIKU2jGSDqWLO0sS4wMJJp4mMwl/QqtrHvU1ZsuESWiAEIoXXpr9cDFZl9xnuhDguaWbCNLRd6Vtb2auUReqERQwAQ68TEPFzjpOIAIbYdbGNi4F7kUYD5oEgniSrmljIV5+BcFT9k5Sc7KCsI20oyiUhnBHFq64fMX809sJGlSq5guyl8vSkwZ2oTlGqi8r+bKcLEU6/m35DxkJjOxrtpX7Ydh2gTnHivqMLN4X5 root@ubuntu-xenial
-----END SSH HOST KEY KEYS-----
[   13.910617] cloud-init[1632]: Cloud-init v. 20.3-2-g371b392c-0ubuntu1~16.04.1 running 'modules:final' at Sun, 20 Sep 2020 18:21:40 +0000. Up 13.76 seconds.
[   13.913663] cloud-init[1632]: ci-info: no authorized SSH keys fingerprints found for user ubuntu.
[   13.924501] cloud-init[1632]: Cloud-init v. 20.3-2-g371b392c-0ubuntu1~16.04.1 finished at Sun, 20 Sep 2020 18:21:40 +0000. Datasource DataSourceNoCloud [seed=/dev/sdb][dsmode=net].  Up 13.90 seconds
[[0;32m  OK  [0m] Started Execute cloud user/final scripts.
[[0;32m  OK  [0m] Reached target Cloud-init target.

Ubuntu 16.04.7 LTS worker2 ttyS0

worker2 login: 